// Jest Snapshot v1, https://goo.gl/fbAQLP

exports[`<Panel /> render() should render the component 1`] = `
<Panel
  userInfo={
    Object {
      "avatarUrl": "https://avatars2.githubusercontent.com/u/698363?v=4",
      "name": "Weslley Alves de Oliveira",
      "totalFollowers": 5,
      "totalFollowing": 10,
    }
  }
>
  <div
    className="pz-user-panel"
  >
    <Search
      onKeyUp={[Function]}
    >
      <div
        className="pz-search"
      >
        <input
          onKeyUp={[Function]}
          placeholder="Fill the github user and press enter to search"
          type="text"
        />
      </div>
    </Search>
    <UserInfo
      userInfo={
        Object {
          "avatarUrl": "https://avatars2.githubusercontent.com/u/698363?v=4",
          "name": "Weslley Alves de Oliveira",
          "totalFollowers": 5,
          "totalFollowing": 10,
        }
      }
    >
      <div
        className="pz-user-container"
      >
        <div
          className="pz-user-info"
        >
          <div
            className="pz-box pz-left-box"
          >
            <img
              alt="GiHhub avatar"
              src="https://avatars2.githubusercontent.com/u/698363?v=4"
            />
          </div>
          <div
            className="pz-box pz-right-box"
          >
            <h1>
              Weslley Alves de Oliveira
            </h1>
            <p
              className="pz-label"
            >
              Following: 
              10
            </p>
            <p
              className="pz-label"
            >
              Followers: 
              5
            </p>
          </div>
        </div>
      </div>
    </UserInfo>
  </div>
</Panel>
`;
