// Jest Snapshot v1, https://goo.gl/fbAQLP

exports[`<Search /> render() should render the component 1`] = `
<Search
  onSearch={[MockFunction]}
>
  <div
    className="pz-search"
  >
    <input
      onKeyUp={[Function]}
      placeholder="Fill the github user and press enter to search"
      type="text"
    />
    <button
      onClick={[Function]}
      type="button"
    >
      Teste
    </button>
  </div>
</Search>
`;
